192.168.3.232 - - [16/Jan/2018:21:14:12 +0800] "GET /ZoneMapUpLoad/16/5fad86aa-84fc-4bcb-aa3d-082aa83420a0.jpg HTTP/1.1" 200 14440 "http://192.168.3.155:8080/IntegratedMM/UI/hostClient/userPopups/zoneMap/zoneMapSub.html?mapId=undefined&htmlrandom=1516108427051" "Mozilla/5.0 (Windows NT 6.1; WOW64; rv:56.0) Gecko/20100101 Firefox/56.0"
192.168.3.163 - - [17/Jan/2018:09:03:52 +0800] "GET /ZoneMapUpLoad/15/874c8a3c-dc0f-4251-9280-c789e84866ea.jpg HTTP/1.1" 200 81579 "http://192.168.3.199:8044/IntegratedMM/UI/related/userPage/zoneMap/zoneMap.html?htmlrandom=1516151041452" "Mozilla/5.0 (Windows NT 6.1; WOW64; rv:51.0) Gecko/20100101 Firefox/51.0"
192.168.3.163 - - [18/Jan/2018:14:14:45 +0800] "GET /ZoneMapUpLoad/15/ffb35cef-2ef9-4455-a9a8-81fb8a0f3725.jpg HTTP/1.1" 200 13886 "http://192.168.3.199:8088/RDAcenter/UI/integratedQuery/userData/userData.html?htmlrandom=1516256085326" "Mozilla/5.0 (Windows NT 6.1; WOW64; rv:51.0) Gecko/20100101 Firefox/51.0"
192.168.3.163 - - [18/Jan/2018:14:14:45 +0800] "GET /ZoneMapUpLoad/15/53b190c6-6bdb-4f5d-ba96-eda2219b4241.jpg HTTP/1.1" 200 13584 "http://192.168.3.199:8088/RDAcenter/UI/integratedQuery/userData/userData.html?htmlrandom=1516256085326" "Mozilla/5.0 (Windows NT 6.1; WOW64; rv:51.0) Gecko/20100101 Firefox/51.0"
192.168.3.163 - - [18/Jan/2018:14:14:45 +0800] "GET /ZoneMapUpLoad/15/80e70cfc-40a0-41dc-8d60-e429d9ff38fe.jpg HTTP/1.1" 200 13960 "http://192.168.3.199:8088/RDAcenter/UI/integratedQuery/userData/userData.html?htmlrandom=1516256085326" "Mozilla/5.0 (Windows NT 6.1; WOW64; rv:51.0) Gecko/20100101 Firefox/51.0"
192.168.3.163 - - [18/Jan/2018:14:14:46 +0800] "GET /ZoneMapUpLoad/15/c7170521-a7a5-4f04-aa70-5e6ec7660f6b.jpg HTTP/1.1" 200 13813 "http://192.168.3.199:8088/RDAcenter/UI/integratedQuery/userData/userData.html?htmlrandom=1516256085326" "Mozilla/5.0 (Windows NT 6.1; WOW64; rv:51.0) Gecko/20100101 Firefox/51.0"
192.168.3.163 - - [18/Jan/2018:14:14:46 +0800] "GET /ZoneMapUpLoad/15/a22645c8-c78e-40fd-903d-b0a12c2101ea.jpg HTTP/1.1" 200 14013 "http://192.168.3.199:8088/RDAcenter/UI/integratedQuery/userData/userData.html?htmlrandom=1516256085326" "Mozilla/5.0 (Windows NT 6.1; WOW64; rv:51.0) Gecko/20100101 Firefox/51.0"
192.168.3.163 - - [18/Jan/2018:14:14:46 +0800] "GET /ZoneMapUpLoad/15/b35c8cb7-2afc-44b9-83b4-0e2c546626a9.jpg HTTP/1.1" 200 13886 "http://192.168.3.199:8088/RDAcenter/UI/integratedQuery/userData/userData.html?htmlrandom=1516256085326" "Mozilla/5.0 (Windows NT 6.1; WOW64; rv:51.0) Gecko/20100101 Firefox/51.0"
192.168.3.163 - - [18/Jan/2018:14:14:46 +0800] "GET /ZoneMapUpLoad/15/a28ff22c-2be5-4a5f-8d50-e780aa8906e3.jpg HTTP/1.1" 200 13813 "http://192.168.3.199:8088/RDAcenter/UI/integratedQuery/userData/userData.html?htmlrandom=1516256085326" "Mozilla/5.0 (Windows NT 6.1; WOW64; rv:51.0) Gecko/20100101 Firefox/51.0"
192.168.3.163 - - [18/Jan/2018:14:14:46 +0800] "GET /ZoneMapUpLoad/15/554ac2df-f230-445b-ad43-0df5ee94bd22.jpg HTTP/1.1" 200 13584 "http://192.168.3.199:8088/RDAcenter/UI/integratedQuery/userData/userData.html?htmlrandom=1516256085326" "Mozilla/5.0 (Windows NT 6.1; WOW64; rv:51.0) Gecko/20100101 Firefox/51.0"
192.168.3.163 - - [18/Jan/2018:14:14:46 +0800] "GET /ZoneMapUpLoad/15/70cefa7a-17d7-410e-aa78-7fb30d470bc6.jpg HTTP/1.1" 200 14013 "http://192.168.3.199:8088/RDAcenter/UI/integratedQuery/userData/userData.html?htmlrandom=1516256085326" "Mozilla/5.0 (Windows NT 6.1; WOW64; rv:51.0) Gecko/20100101 Firefox/51.0"
192.168.3.163 - - [18/Jan/2018:14:14:46 +0800] "GET /ZoneMapUpLoad/15/33e5fd46-671f-4e4a-ad47-31d875ccb9ec.png HTTP/1.1" 200 1085 "http://192.168.3.199:8088/RDAcenter/UI/integratedQuery/userData/userData.html?htmlrandom=1516256085326" "Mozilla/5.0 (Windows NT 6.1; WOW64; rv:51.0) Gecko/20100101 Firefox/51.0"
192.168.3.163 - - [18/Jan/2018:14:14:46 +0800] "GET /ZoneMapUpLoad/15/a2f1e4d7-f5ad-4d45-a542-903249d77495.gif HTTP/1.1" 200 125506 "http://192.168.3.199:8088/RDAcenter/UI/integratedQuery/userData/userData.html?htmlrandom=1516256085326" "Mozilla/5.0 (Windows NT 6.1; WOW64; rv:51.0) Gecko/20100101 Firefox/51.0"
192.168.3.163 - - [18/Jan/2018:16:34:26 +0800] "GET /ZoneMapUpLoad/17/a373822d-5e3f-4db3-b3fa-573b60a02d5b.png HTTP/1.1" 200 2661 "http://192.168.3.199:8044/IntegratedMM/UI/hostClient/userPopups/zoneMap/zoneMapSub.html?mapId=10000000D_1_20180117161638&htmlrandom=1516264469268" "Mozilla/5.0 (Windows NT 6.1; WOW64; rv:51.0) Gecko/20100101 Firefox/51.0"
192.168.3.155 - - [06/Feb/2018:10:24:52 +0800] "GET /ZoneMapUpLoad/17/a373822d-5e3f-4db3-b3fa-573b60a02d5b.png HTTP/1.1" 200 2661 "http://192.168.3.155:8080/IntegratedMM/UI/hostClient/userPopups/zoneMap/zoneMapSub.html?mapId=10000000D_1_20180117161638&htmlrandom=1517883892199" "Mozilla/5.0 (Windows NT 6.1; WOW64; rv:49.0) Gecko/20100101 Firefox/49.0"
192.168.3.155 - - [06/Feb/2018:11:19:30 +0800] "GET /ZoneMapUpLoad/15/3a290976-537f-4470-a754-876482a6587f.jpg HTTP/1.1" 200 81579 "http://192.168.3.155:8080/IntegratedMM/UI/hostClient/userPopups/zoneMap/zoneMapSub.html?mapId=10000000A_1_20180115095346&htmlrandom=1517887170447" "Mozilla/5.0 (Windows NT 6.1; WOW64; rv:49.0) Gecko/20100101 Firefox/49.0"
192.168.3.155 - - [06/Feb/2018:11:25:12 +0800] "GET /ZoneMapUpLoad/6/c2e310a2-062d-4875-8007-828bcbb3ce3c.png HTTP/1.1" 200 41946 "http://192.168.3.155:8080/IntegratedMM/UI/hostClient/userPopups/zoneMap/zoneMapSub.html?mapId=10000000A_1_20180206112013&htmlrandom=1517887505742" "Mozilla/5.0 (Windows NT 6.1; WOW64; rv:49.0) Gecko/20100101 Firefox/49.0"
192.168.3.155 - - [06/Feb/2018:11:26:57 +0800] "GET /ZoneMapUpLoad/6/fd91026d-584c-4fdd-a7fd-567a5586d4bc.png HTTP/1.1" 200 41946 "http://192.168.3.155:8080/IntegratedMM/UI/hostClient/userPopups/zoneMap/zoneMapSub.html?mapId=10000000D_1_20180206103150&htmlrandom=1517887597184" "Mozilla/5.0 (Windows NT 6.1; WOW64; rv:49.0) Gecko/20100101 Firefox/49.0"
192.168.3.163 - - [06/Feb/2018:14:09:05 +0800] "GET /ZoneMapUpLoad/15/874c8a3c-dc0f-4251-9280-c789e84866ea.jpg HTTP/1.1" 200 81579 "http://192.168.3.199:8088/RDAcenter/UI/relatedEvents/relatedEvents.html?htmlrandom=1517897349862" "Mozilla/5.0 (Windows NT 6.1; WOW64; rv:51.0) Gecko/20100101 Firefox/51.0"
192.168.3.163 - - [06/Feb/2018:14:10:05 +0800] "GET /ZoneMapUpLoad/15/63fc7725-d4ac-4dd9-bfe0-635d52b63650.jpg HTTP/1.1" 200 81579 "http://192.168.3.199:8088/RDAcenter/UI/relatedEvents/relatedEvents.html?htmlrandom=1517897408633" "Mozilla/5.0 (Windows NT 6.1; WOW64; rv:51.0) Gecko/20100101 Firefox/51.0"
192.168.3.163 - - [06/Feb/2018:14:16:14 +0800] "GET /ZoneMapUpLoad/15/3f70a5db-e138-47e0-8aff-d139800fb9bd.jpg HTTP/1.1" 200 25506 "http://192.168.3.199:8088/RDAcenter/UI/relatedEvents/relatedEvents.html?htmlrandom=1517897778622" "Mozilla/5.0 (Windows NT 6.1; WOW64; rv:51.0) Gecko/20100101 Firefox/51.0"
192.168.3.155 - - [07/Feb/2018:14:11:27 +0800] "GET /ZoneMapUpLoad/6/fd91026d-584c-4fdd-a7fd-567a5586d4bc.png HTTP/1.1" 200 41946 "http://192.168.3.155:8080/IntegratedMM/UI/hostClient/userPopups/zoneMap/zoneMapSub.html?mapId=10000000D_1_20180206112656&htmlrandom=1517983887346" "Mozilla/5.0 (Windows NT 6.1; WOW64; rv:49.0) Gecko/20100101 Firefox/49.0"
192.168.3.155 - - [07/Feb/2018:14:11:47 +0800] "GET /ZoneMapUpLoad/7/fb707bc8-aaea-421f-a72b-227f6342fa4f.png HTTP/1.1" 200 2661 "http://192.168.3.155:8080/IntegratedMM/UI/hostClient/userPopups/zoneMap/zoneMapSub.html?mapId=10000000D_1_20180206112656&htmlrandom=1517983887346" "Mozilla/5.0 (Windows NT 6.1; WOW64; rv:49.0) Gecko/20100101 Firefox/49.0"
192.168.3.155 - - [07/Feb/2018:14:12:09 +0800] "GET /ZoneMapUpLoad/7/fb707bc8-aaea-421f-a72b-227f6342fa4f.png HTTP/1.1" 304 0 "http://192.168.3.155:8080/IntegratedMM/UI/hostClient/userPopups/zoneMap/zoneMapSub.html?mapId=10000000D_1_20180207141145&htmlrandom=1517983929648" "Mozilla/5.0 (Windows NT 6.1; WOW64; rv:49.0) Gecko/20100101 Firefox/49.0"
192.168.3.142 - - [09/Feb/2018:16:03:39 +0800] "GET /ZoneMapUpLoad/6/c2e310a2-062d-4875-8007-828bcbb3ce3c.png HTTP/1.1" 200 41946 "http://192.168.3.199:8044/IntegratedMM/UI/hostClient/userPopups/zoneMap/zoneMapSub.html?mapId=10000000A_1_20180206112511&htmlrandom=1518163426895" "Mozilla/5.0 (Windows NT 6.1; rv:58.0) Gecko/20100101 Firefox/58.0"
192.168.3.163 - - [09/Feb/2018:16:14:13 +0800] "GET /ZoneMapUpLoad/15/874c8a3c-dc0f-4251-9280-c789e84866ea.jpg HTTP/1.1" 200 81579 "http://192.168.3.199:8088/RDAcenter/UI/integratedQuery/userData/userData.html?htmlrandom=1518164054920" "Mozilla/5.0 (Windows NT 6.1; WOW64; rv:51.0) Gecko/20100101 Firefox/51.0"
192.168.3.155 - - [23/Feb/2018:09:59:02 +0800] "GET /ZoneMapUpLoad/7/fb707bc8-aaea-421f-a72b-227f6342fa4f.png HTTP/1.1" 200 2661 "http://10.0.0.222:19031/IntegratedMM/UI/statisticsQuery/userPopups/zoneMap/zoneMap.html?htmlrandom=1519350742485" "Mozilla/5.0 (Windows NT 6.1; WOW64; rv:49.0) Gecko/20100101 Firefox/49.0"
192.168.3.142 - - [23/Feb/2018:16:27:54 +0800] "GET /ZoneMapUpLoad/7/fb707bc8-aaea-421f-a72b-227f6342fa4f.png HTTP/1.1" 200 2661 "http://10.0.0.222:19031/IntegratedMM/UI/hostClient/userPopups/zoneMap/zoneMapSub.html?mapId=10000000D_1_20180207141145&htmlrandom=1519374073937" "Mozilla/5.0 (Windows NT 6.1; rv:58.0) Gecko/20100101 Firefox/58.0"
192.168.3.155 - - [23/Feb/2018:16:54:25 +0800] "GET /ZoneMapUpLoad/23/b60e786b-ec09-4050-9df0-40fe3487cf13.jpg HTTP/1.1" 200 138940 "http://192.168.3.155:8080/IntegratedMM/UI/hostClient/userPopups/zoneMap/zoneMapSub.html?mapId=100001003&htmlrandom=1519376043535" "Mozilla/5.0 (Windows NT 6.1; WOW64; rv:49.0) Gecko/20100101 Firefox/49.0"
192.168.3.155 - - [24/Feb/2018:08:37:50 +0800] "GET /ZoneMapUpLoad/7/fb707bc8-aaea-421f-a72b-227f6342fa4f.png HTTP/1.1" 200 2661 "http://10.0.0.222:19011/RDAcenter/UI/integratedQuery/userData/userData.html?htmlrandom=1519432268605" "Mozilla/5.0 (Windows NT 6.1; WOW64; rv:49.0) Gecko/20100101 Firefox/49.0"
192.168.3.222 - - [24/Feb/2018:08:55:59 +0800] "GET /ZoneMapUpLoad/7/fb707bc8-aaea-421f-a72b-227f6342fa4f.png HTTP/1.1" 200 2661 "-" "Mozilla/5.0 (Windows NT 6.1; WOW64; rv:49.0) Gecko/20100101 Firefox/49.0"
192.168.3.155 - - [24/Feb/2018:09:30:01 +0800] "GET /ZoneMapUpLoad/7/fb707bc8-aaea-421f-a72b-227f6342fa4f.png HTTP/1.1" 200 2661 "http://192.168.3.155:8091/VisualStatistics/ui/html/popus.html" "Mozilla/5.0 (Windows NT 6.1; WOW64; rv:49.0) Gecko/20100101 Firefox/49.0"
192.168.3.155 - - [24/Feb/2018:10:09:29 +0800] "GET /ZoneMapUpLoad/7/fb707bc8-aaea-421f-a72b-227f6342fa4f.png HTTP/1.1" 200 2661 "http://192.168.3.155:8091/VisualStatistics/ui/html/popus.html" "Mozilla/5.0 (Windows NT 6.1; WOW64; rv:49.0) Gecko/20100101 Firefox/49.0"
192.168.3.155 - - [24/Feb/2018:10:57:20 +0800] "GET /ZoneMapUpLoad/7/fb707bc8-aaea-421f-a72b-227f6342fa4f.png HTTP/1.1" 200 2661 "http://192.168.3.155:8091/VisualStatistics/ui/html/popus.html" "Mozilla/5.0 (Windows NT 6.1; WOW64; rv:49.0) Gecko/20100101 Firefox/49.0"
192.168.3.155 - - [24/Feb/2018:11:01:00 +0800] "GET /ZoneMapUpLoad/7/fb707bc8-aaea-421f-a72b-227f6342fa4f.png HTTP/1.1" 200 2661 "http://192.168.3.155:8091/VisualStatistics/ui/html/popus.html" "Mozilla/5.0 (Windows NT 6.1; WOW64; rv:49.0) Gecko/20100101 Firefox/49.0"
192.168.3.155 - - [24/Feb/2018:11:02:08 +0800] "GET /ZoneMapUpLoad/7/fb707bc8-aaea-421f-a72b-227f6342fa4f.png HTTP/1.1" 200 2661 "http://192.168.3.155:8091/VisualStatistics/ui/html/popus.html" "Mozilla/5.0 (Windows NT 6.1; WOW64; rv:49.0) Gecko/20100101 Firefox/49.0"
192.168.3.155 - - [24/Feb/2018:11:09:45 +0800] "GET /ZoneMapUpLoad/7/fb707bc8-aaea-421f-a72b-227f6342fa4f.png HTTP/1.1" 200 2661 "http://192.168.3.155:8091/VisualStatistics/ui/html/popus.html" "Mozilla/5.0 (Windows NT 6.1; WOW64; rv:49.0) Gecko/20100101 Firefox/49.0"
192.168.3.155 - - [24/Feb/2018:11:20:02 +0800] "GET /ZoneMapUpLoad/7/fb707bc8-aaea-421f-a72b-227f6342fa4f.png HTTP/1.1" 200 2661 "http://192.168.3.155:8091/VisualStatistics/ui/html/popus.html" "Mozilla/5.0 (Windows NT 6.1; WOW64; rv:49.0) Gecko/20100101 Firefox/49.0"
192.168.3.155 - - [24/Feb/2018:11:21:52 +0800] "GET /ZoneMapUpLoad/7/fb707bc8-aaea-421f-a72b-227f6342fa4f.png HTTP/1.1" 200 2661 "http://192.168.3.155:8091/VisualStatistics/ui/html/popus.html" "Mozilla/5.0 (Windows NT 6.1; WOW64; rv:49.0) Gecko/20100101 Firefox/49.0"
192.168.3.155 - - [24/Feb/2018:12:12:27 +0800] "GET /ZoneMapUpLoad/7/fb707bc8-aaea-421f-a72b-227f6342fa4f.png HTTP/1.1" 200 2661 "http://192.168.3.155:8091/VisualStatistics/ui/html/popus.html" "Mozilla/5.0 (Windows NT 6.1; WOW64; rv:49.0) Gecko/20100101 Firefox/49.0"
192.168.3.155 - - [24/Feb/2018:12:19:37 +0800] "GET /ZoneMapUpLoad/7/fb707bc8-aaea-421f-a72b-227f6342fa4f.png HTTP/1.1" 200 2661 "http://192.168.3.155:8091/VisualStatistics/ui/html/popus.html" "Mozilla/5.0 (Windows NT 6.1; WOW64; rv:49.0) Gecko/20100101 Firefox/49.0"
192.168.3.155 - - [24/Feb/2018:12:20:14 +0800] "GET /ZoneMapUpLoad/7/fb707bc8-aaea-421f-a72b-227f6342fa4f.png HTTP/1.1" 200 2661 "http://192.168.3.155:8091/VisualStatistics/ui/html/popus.html" "Mozilla/5.0 (Windows NT 6.1; WOW64; rv:49.0) Gecko/20100101 Firefox/49.0"
192.168.3.155 - - [24/Feb/2018:12:29:57 +0800] "GET /ZoneMapUpLoad/7/fb707bc8-aaea-421f-a72b-227f6342fa4f.png HTTP/1.1" 200 2661 "http://192.168.3.155:8091/VisualStatistics/ui/html/popus.html" "Mozilla/5.0 (Windows NT 6.1; WOW64; rv:49.0) Gecko/20100101 Firefox/49.0"
192.168.3.155 - - [24/Feb/2018:12:32:58 +0800] "GET /ZoneMapUpLoad/7/fb707bc8-aaea-421f-a72b-227f6342fa4f.png HTTP/1.1" 200 2661 "http://192.168.3.155:8091/VisualStatistics/ui/html/popus.html" "Mozilla/5.0 (Windows NT 6.1; WOW64; rv:49.0) Gecko/20100101 Firefox/49.0"
192.168.3.155 - - [24/Feb/2018:12:34:03 +0800] "GET /ZoneMapUpLoad/7/fb707bc8-aaea-421f-a72b-227f6342fa4f.png HTTP/1.1" 200 2661 "http://192.168.3.155:8091/VisualStatistics/ui/html/popus.html" "Mozilla/5.0 (Windows NT 6.1; WOW64; rv:49.0) Gecko/20100101 Firefox/49.0"
192.168.3.155 - - [24/Feb/2018:14:14:46 +0800] "GET /ZoneMapUpLoad/7/fb707bc8-aaea-421f-a72b-227f6342fa4f.png HTTP/1.1" 200 2661 "http://192.168.3.155:8091/VisualStatistics/ui/html/popus.html" "Mozilla/5.0 (Windows NT 6.1; WOW64; rv:49.0) Gecko/20100101 Firefox/49.0"
192.168.3.155 - - [24/Feb/2018:14:17:14 +0800] "GET /ZoneMapUpLoad/7/fb707bc8-aaea-421f-a72b-227f6342fa4f.png HTTP/1.1" 200 2661 "http://192.168.3.155:8091/VisualStatistics/ui/html/popus.html" "Mozilla/5.0 (Windows NT 6.1; WOW64; rv:49.0) Gecko/20100101 Firefox/49.0"
192.168.3.199 - - [24/Feb/2018:14:18:32 +0800] "GET /ZoneMapUpLoad/23/b60e786b-ec09-4050-9df0-40fe3487cf13.jpg HTTP/1.1" 200 138940 "http://192.168.3.199:8088/RDAcenter/UI/relatedEvents/billRelatedEvents.html?htmlrandom=1519453107357" "Mozilla/5.0 (Windows NT 6.1; WOW64; rv:51.0) Gecko/20100101 Firefox/51.0"
192.168.3.155 - - [24/Feb/2018:14:18:42 +0800] "GET /ZoneMapUpLoad/7/fb707bc8-aaea-421f-a72b-227f6342fa4f.png HTTP/1.1" 200 2661 "http://192.168.3.155:8091/VisualStatistics/ui/html/popus.html" "Mozilla/5.0 (Windows NT 6.1; WOW64; rv:49.0) Gecko/20100101 Firefox/49.0"
192.168.3.222 - - [24/Feb/2018:14:36:16 +0800] "GET /ZoneMapUpLoad/7/fb707bc8-aaea-421f-a72b-227f6342fa4f.png HTTP/1.1" 200 2661 "http://192.168.3.155:8091/VisualStatistics/ui/html/popus.html" "Mozilla/5.0 (Windows NT 6.1; WOW64; rv:49.0) Gecko/20100101 Firefox/49.0"
192.168.3.155 - - [24/Feb/2018:14:37:28 +0800] "GET /ZoneMapUpLoad/7/fb707bc8-aaea-421f-a72b-227f6342fa4f.png HTTP/1.1" 200 2661 "http://192.168.3.155:8091/VisualStatistics/ui/html/popus.html" "Mozilla/5.0 (Windows NT 6.1; WOW64; rv:49.0) Gecko/20100101 Firefox/49.0"
192.168.3.155 - - [24/Feb/2018:14:38:52 +0800] "GET /ZoneMapUpLoad/7/fb707bc8-aaea-421f-a72b-227f6342fa4f.png HTTP/1.1" 200 2661 "http://192.168.3.155:8091/VisualStatistics/ui/html/popus.html" "Mozilla/5.0 (Windows NT 6.1; WOW64; rv:49.0) Gecko/20100101 Firefox/49.0"
192.168.3.155 - - [24/Feb/2018:14:46:24 +0800] "GET /ZoneMapUpLoad/7/fb707bc8-aaea-421f-a72b-227f6342fa4f.png HTTP/1.1" 200 2661 "http://192.168.3.155:8091/VisualStatistics/ui/html/popus.html" "Mozilla/5.0 (Windows NT 6.1; WOW64; rv:49.0) Gecko/20100101 Firefox/49.0"
192.168.3.222 - - [24/Feb/2018:14:52:21 +0800] "GET /ZoneMapUpLoad/7/fb707bc8-aaea-421f-a72b-227f6342fa4f.png HTTP/1.1" 200 2661 "http://192.168.3.155:8091/VisualStatistics/ui/html/popus.html" "Mozilla/5.0 (Windows NT 6.1; WOW64; rv:49.0) Gecko/20100101 Firefox/49.0"
192.168.3.222 - - [24/Feb/2018:14:52:47 +0800] "GET /ZoneMapUpLoad/7/fb707bc8-aaea-421f-a72b-227f6342fa4f.png HTTP/1.1" 200 2661 "http://192.168.3.155:8091/VisualStatistics/ui/html/popus.html" "Mozilla/5.0 (Windows NT 6.1; WOW64; rv:49.0) Gecko/20100101 Firefox/49.0"
192.168.3.222 - - [24/Feb/2018:14:53:20 +0800] "GET /ZoneMapUpLoad/7/fb707bc8-aaea-421f-a72b-227f6342fa4f.png HTTP/1.1" 200 2661 "http://192.168.3.155:8091/VisualStatistics/ui/html/popus.html" "Mozilla/5.0 (Windows NT 6.1; WOW64; rv:49.0) Gecko/20100101 Firefox/49.0"
192.168.3.155 - - [24/Feb/2018:14:59:32 +0800] "GET /ZoneMapUpLoad/7/fb707bc8-aaea-421f-a72b-227f6342fa4f.png HTTP/1.1" 200 2661 "http://192.168.3.155:8091/VisualStatistics/ui/html/popus.html" "Mozilla/5.0 (Windows NT 6.1; WOW64; rv:49.0) Gecko/20100101 Firefox/49.0"
192.168.3.222 - - [24/Feb/2018:15:09:16 +0800] "GET /ZoneMapUpLoad/7/fb707bc8-aaea-421f-a72b-227f6342fa4f.png HTTP/1.1" 200 2661 "http://192.168.3.155:8091/VisualStatistics/ui/html/popus.html" "Mozilla/5.0 (Windows NT 6.1; WOW64; rv:49.0) Gecko/20100101 Firefox/49.0"
192.168.3.155 - - [24/Feb/2018:15:20:50 +0800] "GET /ZoneMapUpLoad/7/fb707bc8-aaea-421f-a72b-227f6342fa4f.png HTTP/1.1" 200 2661 "http://192.168.3.155:8091/VisualStatistics/ui/html/popus.html" "Mozilla/5.0 (Windows NT 6.1; WOW64; rv:49.0) Gecko/20100101 Firefox/49.0"
192.168.3.155 - - [24/Feb/2018:15:22:17 +0800] "GET /ZoneMapUpLoad/7/fb707bc8-aaea-421f-a72b-227f6342fa4f.png HTTP/1.1" 200 2661 "http://192.168.3.155:8091/VisualStatistics/ui/html/popus.html" "Mozilla/5.0 (Windows NT 6.1; WOW64; rv:49.0) Gecko/20100101 Firefox/49.0"
192.168.3.155 - - [24/Feb/2018:15:25:11 +0800] "GET /ZoneMapUpLoad/7/fb707bc8-aaea-421f-a72b-227f6342fa4f.png HTTP/1.1" 200 2661 "http://192.168.3.155:8091/VisualStatistics/ui/html/popus.html" "Mozilla/5.0 (Windows NT 6.1; WOW64; rv:49.0) Gecko/20100101 Firefox/49.0"
192.168.3.155 - - [24/Feb/2018:15:25:24 +0800] "GET /ZoneMapUpLoad/7/fb707bc8-aaea-421f-a72b-227f6342fa4f.png HTTP/1.1" 304 0 "http://192.168.3.155:8091/VisualStatistics/ui/html/index.html" "Mozilla/5.0 (Windows NT 6.1; WOW64; rv:49.0) Gecko/20100101 Firefox/49.0"
192.168.3.155 - - [24/Feb/2018:15:28:08 +0800] "GET /ZoneMapUpLoad/7/fb707bc8-aaea-421f-a72b-227f6342fa4f.png HTTP/1.1" 200 2661 "http://192.168.3.155:8091/VisualStatistics/ui/html/popus.html" "Mozilla/5.0 (Windows NT 6.1; WOW64; rv:49.0) Gecko/20100101 Firefox/49.0"
192.168.3.155 - - [24/Feb/2018:15:29:27 +0800] "GET /ZoneMapUpLoad/7/fb707bc8-aaea-421f-a72b-227f6342fa4f.png HTTP/1.1" 200 2661 "http://192.168.3.155:8091/VisualStatistics/ui/html/popus.html" "Mozilla/5.0 (Windows NT 6.1; WOW64; rv:49.0) Gecko/20100101 Firefox/49.0"
192.168.3.155 - - [24/Feb/2018:15:31:40 +0800] "GET /ZoneMapUpLoad/7/fb707bc8-aaea-421f-a72b-227f6342fa4f.png HTTP/1.1" 200 2661 "http://192.168.3.155:8091/VisualStatistics/ui/html/popus.html" "Mozilla/5.0 (Windows NT 6.1; WOW64; rv:49.0) Gecko/20100101 Firefox/49.0"
192.168.3.155 - - [24/Feb/2018:15:32:00 +0800] "GET /ZoneMapUpLoad/7/fb707bc8-aaea-421f-a72b-227f6342fa4f.png HTTP/1.1" 200 2661 "http://192.168.3.155:8091/VisualStatistics/ui/html/popus.html" "Mozilla/5.0 (Windows NT 6.1; WOW64; rv:49.0) Gecko/20100101 Firefox/49.0"
192.168.3.222 - - [24/Feb/2018:15:32:49 +0800] "GET /ZoneMapUpLoad/7/fb707bc8-aaea-421f-a72b-227f6342fa4f.png HTTP/1.1" 200 2661 "http://192.168.3.155:8091/VisualStatistics/ui/html/popus.html" "Mozilla/5.0 (Windows NT 6.1; WOW64; rv:49.0) Gecko/20100101 Firefox/49.0"
192.168.3.155 - - [24/Feb/2018:15:34:12 +0800] "GET /ZoneMapUpLoad/7/fb707bc8-aaea-421f-a72b-227f6342fa4f.png HTTP/1.1" 200 2661 "http://192.168.3.155:8091/VisualStatistics/ui/html/popus.html" "Mozilla/5.0 (Windows NT 6.1; WOW64; rv:49.0) Gecko/20100101 Firefox/49.0"
192.168.3.199 - - [24/Feb/2018:15:38:00 +0800] "GET /ZoneMapUpLoad/23/b60e786b-ec09-4050-9df0-40fe3487cf13.jpg HTTP/1.1" 200 138940 "http://192.168.3.199:8088/RDAcenter/UI/relatedEvents/relatedEvents.html?htmlrandom=1519457436265" "Mozilla/5.0 (Windows NT 6.1; WOW64; rv:51.0) Gecko/20100101 Firefox/51.0"
192.168.3.199 - - [24/Feb/2018:15:49:32 +0800] "GET /ZoneMapUpLoad/23/b60e786b-ec09-4050-9df0-40fe3487cf13.jpg HTTP/1.1" 200 138940 "http://192.168.3.199:8088/RDAcenter/UI/relatedEvents/relatedEvents.html?htmlrandom=1519458571153" "Mozilla/5.0 (Windows NT 6.1; WOW64; rv:51.0) Gecko/20100101 Firefox/51.0"
192.168.3.129 - - [24/Feb/2018:15:59:40 +0800] "GET /ZoneMapUpLoad/7/fb707bc8-aaea-421f-a72b-227f6342fa4f.png HTTP/1.1" 200 2661 "http://192.168.3.155:8091/VisualStatistics/ui/html/popus.html" "Mozilla/5.0 (Windows NT 10.0; WOW64; rv:50.0) Gecko/20100101 Firefox/50.0"
192.168.3.199 - - [24/Feb/2018:16:07:27 +0800] "GET /ZoneMapUpLoad/23/b60e786b-ec09-4050-9df0-40fe3487cf13.jpg HTTP/1.1" 200 138940 "http://192.168.3.199:8088/RDAcenter/UI/relatedEvents/relatedEvents.html?htmlrandom=1519459646752" "Mozilla/5.0 (Windows NT 6.1; WOW64; rv:51.0) Gecko/20100101 Firefox/51.0"
192.168.3.155 - - [24/Feb/2018:16:09:51 +0800] "GET /ZoneMapUpLoad/7/fb707bc8-aaea-421f-a72b-227f6342fa4f.png HTTP/1.1" 200 2661 "http://192.168.3.155:8091/VisualStatistics/ui/html/popus.html" "Mozilla/5.0 (Windows NT 6.1; WOW64; rv:49.0) Gecko/20100101 Firefox/49.0"
192.168.3.199 - - [24/Feb/2018:16:12:13 +0800] "GET /ZoneMapUpLoad/23/b60e786b-ec09-4050-9df0-40fe3487cf13.jpg HTTP/1.1" 200 138940 "http://192.168.3.199:8088/RDAcenter/UI/relatedEvents/relatedEvents.html?htmlrandom=1519459925733" "Mozilla/5.0 (Windows NT 6.1; WOW64; rv:51.0) Gecko/20100101 Firefox/51.0"
192.168.3.199 - - [24/Feb/2018:16:16:42 +0800] "GET /ZoneMapUpLoad/23/b60e786b-ec09-4050-9df0-40fe3487cf13.jpg HTTP/1.1" 200 138940 "http://192.168.3.199:8088/RDAcenter/UI/relatedEvents/billRelatedEvents.html?htmlrandom=1519460190778" "Mozilla/5.0 (Windows NT 6.1; WOW64; rv:51.0) Gecko/20100101 Firefox/51.0"
192.168.3.155 - - [24/Feb/2018:16:28:04 +0800] "GET /ZoneMapUpLoad/7/fb707bc8-aaea-421f-a72b-227f6342fa4f.png HTTP/1.1" 200 2661 "http://192.168.3.155:8091/VisualStatistics/ui/html/popus.html" "Mozilla/5.0 (Windows NT 6.1; WOW64; rv:49.0) Gecko/20100101 Firefox/49.0"
192.168.3.155 - - [24/Feb/2018:16:29:18 +0800] "GET /ZoneMapUpLoad/7/fb707bc8-aaea-421f-a72b-227f6342fa4f.png HTTP/1.1" 200 2661 "http://192.168.3.155:8091/VisualStatistics/ui/html/popus.html" "Mozilla/5.0 (Windows NT 6.1; WOW64; rv:49.0) Gecko/20100101 Firefox/49.0"
192.168.3.155 - - [24/Feb/2018:16:30:15 +0800] "GET /ZoneMapUpLoad/7/fb707bc8-aaea-421f-a72b-227f6342fa4f.png HTTP/1.1" 200 2661 "http://192.168.3.155:8091/VisualStatistics/ui/html/popus.html" "Mozilla/5.0 (Windows NT 6.1; WOW64; rv:49.0) Gecko/20100101 Firefox/49.0"
192.168.3.155 - - [24/Feb/2018:16:39:35 +0800] "GET /ZoneMapUpLoad/23/b60e786b-ec09-4050-9df0-40fe3487cf13.jpg HTTP/1.1" 200 138940 "http://10.0.0.222:19011/RDAcenter/UI/relatedEvents/relatedEvents.html?htmlrandom=1519461173866" "Mozilla/5.0 (Windows NT 6.1; WOW64; rv:49.0) Gecko/20100101 Firefox/49.0"
192.168.3.155 - - [24/Feb/2018:16:45:56 +0800] "GET /ZoneMapUpLoad/7/fb707bc8-aaea-421f-a72b-227f6342fa4f.png HTTP/1.1" 200 2661 "http://192.168.3.155:8091/VisualStatistics/ui/html/popus.html" "Mozilla/5.0 (Windows NT 6.1; WOW64; rv:49.0) Gecko/20100101 Firefox/49.0"
192.168.3.155 - - [24/Feb/2018:16:54:03 +0800] "GET /ZoneMapUpLoad/7/fb707bc8-aaea-421f-a72b-227f6342fa4f.png HTTP/1.1" 200 2661 "http://192.168.3.155:8091/VisualStatistics/ui/html/popus.html" "Mozilla/5.0 (Windows NT 6.1; WOW64; rv:49.0) Gecko/20100101 Firefox/49.0"
192.168.3.155 - - [24/Feb/2018:16:57:50 +0800] "GET /ZoneMapUpLoad/7/fb707bc8-aaea-421f-a72b-227f6342fa4f.png HTTP/1.1" 200 2661 "http://192.168.3.155:8091/VisualStatistics/ui/html/popus.html" "Mozilla/5.0 (Windows NT 6.1; WOW64; rv:49.0) Gecko/20100101 Firefox/49.0"
192.168.3.155 - - [24/Feb/2018:16:59:41 +0800] "GET /ZoneMapUpLoad/7/fb707bc8-aaea-421f-a72b-227f6342fa4f.png HTTP/1.1" 200 2661 "http://192.168.3.155:8091/VisualStatistics/ui/html/popus.html" "Mozilla/5.0 (Windows NT 6.1; WOW64; rv:49.0) Gecko/20100101 Firefox/49.0"
192.168.3.155 - - [24/Feb/2018:17:02:21 +0800] "GET /ZoneMapUpLoad/7/fb707bc8-aaea-421f-a72b-227f6342fa4f.png HTTP/1.1" 200 2661 "http://192.168.3.155:8091/VisualStatistics/ui/html/popus.html" "Mozilla/5.0 (Windows NT 6.1; WOW64; rv:49.0) Gecko/20100101 Firefox/49.0"
192.168.3.155 - - [24/Feb/2018:17:03:38 +0800] "GET /ZoneMapUpLoad/7/fb707bc8-aaea-421f-a72b-227f6342fa4f.png HTTP/1.1" 200 2661 "http://192.168.3.155:8091/VisualStatistics/ui/html/popus.html" "Mozilla/5.0 (Windows NT 6.1; WOW64; rv:49.0) Gecko/20100101 Firefox/49.0"
192.168.3.155 - - [24/Feb/2018:17:09:08 +0800] "GET /ZoneMapUpLoad/7/fb707bc8-aaea-421f-a72b-227f6342fa4f.png HTTP/1.1" 200 2661 "http://192.168.3.155:8091/VisualStatistics/ui/html/popus.html" "Mozilla/5.0 (Windows NT 6.1; WOW64; rv:49.0) Gecko/20100101 Firefox/49.0"
192.168.3.222 - - [24/Feb/2018:17:10:01 +0800] "GET /ZoneMapUpLoad/7/fb707bc8-aaea-421f-a72b-227f6342fa4f.png HTTP/1.1" 200 2661 "http://192.168.3.155:8091/VisualStatistics/ui/html/popus.html" "Mozilla/5.0 (Windows NT 6.1; WOW64; rv:49.0) Gecko/20100101 Firefox/49.0"
192.168.3.232 - - [24/Feb/2018:17:13:51 +0800] "GET /ZoneMapUpLoad/7/fb707bc8-aaea-421f-a72b-227f6342fa4f.png HTTP/1.1" 200 2661 "http://192.168.3.155:8091/VisualStatistics/ui/html/popus.html" "Mozilla/5.0 (Windows NT 6.1; Win64; x64; rv:57.0) Gecko/20100101 Firefox/57.0"
192.168.3.222 - - [24/Feb/2018:17:31:28 +0800] "GET /ZoneMapUpLoad/7/fb707bc8-aaea-421f-a72b-227f6342fa4f.png HTTP/1.1" 200 2661 "http://192.168.3.155:8091/VisualStatistics/ui/html/popus.html" "Mozilla/5.0 (Windows NT 6.1; WOW64; rv:49.0) Gecko/20100101 Firefox/49.0"
192.168.3.222 - - [24/Feb/2018:17:51:22 +0800] "GET /ZoneMapUpLoad/7/fb707bc8-aaea-421f-a72b-227f6342fa4f.png HTTP/1.1" 200 2661 "-" "Mozilla/5.0 (Windows NT 6.1; WOW64; rv:49.0) Gecko/20100101 Firefox/49.0"
192.168.3.155 - - [19/Apr/2018:14:47:26 +0800] "GET /ZoneMapUpLoad/19/ff31e9ac-44bd-425b-9376-0d955573051c.jpg HTTP/1.1" 200 138940 "http://192.168.3.155:8080/IntegratedMM/UI/hostClient/userPopups/zoneMap/zoneMapSub.html?mapId=000000002_2_20180419111927&htmlrandom=1524120443989" "Mozilla/5.0 (Windows NT 6.1; WOW64; rv:49.0) Gecko/20100101 Firefox/49.0"
192.168.3.155 - - [19/Apr/2018:14:47:32 +0800] "GET /ZoneMapUpLoad/19/43a20cae-62f7-467a-99ff-c75c1b6a0e10.png HTTP/1.1" 200 8070 "http://192.168.3.155:8080/IntegratedMM/UI/hostClient/userPopups/zoneMap/zoneMapSub.html?mapId=000000002_3_20180419144100&htmlrandom=1524120449870" "Mozilla/5.0 (Windows NT 6.1; WOW64; rv:49.0) Gecko/20100101 Firefox/49.0"
192.168.3.155 - - [19/Apr/2018:14:47:37 +0800] "GET /ZoneMapUpLoad/19/da527a70-b7e6-423e-bcd8-2e5dfe37c2db.jpg HTTP/1.1" 200 138940 "http://192.168.3.155:8080/IntegratedMM/UI/hostClient/userPopups/zoneMap/zoneMapSub.html?mapId=000000002__20180419111559&htmlrandom=1524120455077" "Mozilla/5.0 (Windows NT 6.1; WOW64; rv:49.0) Gecko/20100101 Firefox/49.0"
192.168.3.155 - - [19/Apr/2018:14:48:46 +0800] "GET /ZoneMapUpLoad/19/fdd854c2-10fb-4529-8e80-fce559806987.png HTTP/1.1" 200 16077 "http://192.168.3.155:8080/IntegratedMM/UI/hostClient/userPopups/zoneMap/zoneMapSub.html?mapId=000000002_3_20180419144100&htmlrandom=1524120449870" "Mozilla/5.0 (Windows NT 6.1; WOW64; rv:49.0) Gecko/20100101 Firefox/49.0"
192.168.3.155 - - [19/Apr/2018:14:59:58 +0800] "GET /ZoneMapUpLoad/19/da527a70-b7e6-423e-bcd8-2e5dfe37c2db.jpg HTTP/1.1" 200 138940 "http://192.168.3.155:8080/IntegratedMM/UI/hostClient/userPopups/zoneMap/zoneMapSub.html?mapId=000000002__20180419111559&htmlrandom=1524121196340" "Mozilla/5.0 (Windows NT 6.1; WOW64; rv:49.0) Gecko/20100101 Firefox/49.0"
192.168.3.155 - - [19/Apr/2018:15:04:08 +0800] "GET /ZoneMapUpLoad/19/fdd854c2-10fb-4529-8e80-fce559806987.png HTTP/1.1" 200 16077 "http://192.168.3.155:8080/IntegratedMM/UI/hostClient/userPopups/zoneMap/zoneMapSub.html?mapId=000000002_3_20180419144845&htmlrandom=1524121445051" "Mozilla/5.0 (Windows NT 6.1; WOW64; rv:49.0) Gecko/20100101 Firefox/49.0"
192.168.3.155 - - [19/Apr/2018:15:24:30 +0800] "GET /ZoneMapUpLoad/19/fdd854c2-10fb-4529-8e80-fce559806987.png HTTP/1.1" 200 16077 "http://192.168.3.155:8080/IntegratedMM/UI/hostClient/userPopups/zoneMap/zoneMapSub.html?mapId=000000002_3_20180419144845&htmlrandom=1524122666633" "Mozilla/5.0 (Windows NT 6.1; WOW64; rv:49.0) Gecko/20100101 Firefox/49.0"
192.168.3.155 - - [19/Apr/2018:15:25:44 +0800] "GET /ZoneMapUpLoad/19/82ead891-0263-41b8-a27f-fdd30b612ecc.png HTTP/1.1" 200 73057 "http://192.168.3.155:8080/IntegratedMM/UI/hostClient/userPopups/zoneMap/zoneMapSub.html?mapId=000000002_3_20180419144845&htmlrandom=1524122666633" "Mozilla/5.0 (Windows NT 6.1; WOW64; rv:49.0) Gecko/20100101 Firefox/49.0"
192.168.3.155 - - [19/Apr/2018:15:26:36 +0800] "GET /ZoneMapUpLoad/19/82ead891-0263-41b8-a27f-fdd30b612ecc.png HTTP/1.1" 304 0 "http://192.168.3.155:8080/IntegratedMM/UI/hostClient/userPopups/zoneMap/zoneMapSub.html?mapId=000000002_3_20180419152544&htmlrandom=1524122792067" "Mozilla/5.0 (Windows NT 6.1; WOW64; rv:49.0) Gecko/20100101 Firefox/49.0"
192.168.3.155 - - [19/Apr/2018:15:39:53 +0800] "GET /ZoneMapUpLoad/19/ff31e9ac-44bd-425b-9376-0d955573051c.jpg HTTP/1.1" 200 138940 "http://192.168.3.155:8080/IntegratedMM/UI/hostClient/userPopups/zoneMap/zoneMapSub.html?mapId=000000002_2_20180419111927&htmlrandom=1524123591231" "Mozilla/5.0 (Windows NT 6.1; WOW64; rv:49.0) Gecko/20100101 Firefox/49.0"
192.168.3.155 - - [19/Apr/2018:15:46:04 +0800] "GET /ZoneMapUpLoad/19/ff31e9ac-44bd-425b-9376-0d955573051c.jpg HTTP/1.1" 200 138940 "http://192.168.3.155:8080/IntegratedMM/UI/hostClient/userPopups/zoneMap/zoneMapSub.html?mapId=000000002_2_20180419111927&htmlrandom=1524123959122" "Mozilla/5.0 (Windows NT 6.1; WOW64; rv:49.0) Gecko/20100101 Firefox/49.0"
192.168.3.155 - - [19/Apr/2018:16:10:14 +0800] "GET /ZoneMapUpLoad/19/ff31e9ac-44bd-425b-9376-0d955573051c.jpg HTTP/1.1" 200 138940 "http://192.168.3.155:8080/IntegratedMM/UI/hostClient/userPopups/zoneMap/zoneMapSub.html?mapId=000000002_2_20180419111927&htmlrandom=1524125410517" "Mozilla/5.0 (Windows NT 6.1; WOW64; rv:49.0) Gecko/20100101 Firefox/49.0"
192.168.3.155 - - [19/Apr/2018:16:24:54 +0800] "GET /ZoneMapUpLoad/19/ff31e9ac-44bd-425b-9376-0d955573051c.jpg HTTP/1.1" 200 138940 "http://192.168.3.155:8080/IntegratedMM/UI/hostClient/userPopups/zoneMap/zoneMapSub.html?mapId=000000002_2_20180419111927&htmlrandom=1524126289064" "Mozilla/5.0 (Windows NT 6.1; WOW64; rv:49.0) Gecko/20100101 Firefox/49.0"
192.168.3.155 - - [19/Apr/2018:16:29:48 +0800] "GET /ZoneMapUpLoad/19/ff31e9ac-44bd-425b-9376-0d955573051c.jpg HTTP/1.1" 200 138940 "http://192.168.3.155:8080/IntegratedMM/UI/hostClient/userPopups/zoneMap/zoneMapSub.html?mapId=000000002_2_20180419111927&htmlrandom=1524126582242" "Mozilla/5.0 (Windows NT 6.1; WOW64; rv:49.0) Gecko/20100101 Firefox/49.0"
192.168.3.155 - - [19/Apr/2018:16:30:15 +0800] "GET /ZoneMapUpLoad/19/c2ea4217-e2cc-444c-bba3-1c1d9f6ee198.png HTTP/1.1" 200 41946 "http://192.168.3.155:8080/IntegratedMM/UI/hostClient/userPopups/zoneMap/zoneMapSub.html?mapId=000000002_2_20180419111927&htmlrandom=1524126582242" "Mozilla/5.0 (Windows NT 6.1; WOW64; rv:49.0) Gecko/20100101 Firefox/49.0"
192.168.3.155 - - [19/Apr/2018:16:31:00 +0800] "GET /ZoneMapUpLoad/19/c2ea4217-e2cc-444c-bba3-1c1d9f6ee198.png HTTP/1.1" 304 0 "http://192.168.3.155:8080/IntegratedMM/UI/hostClient/userPopups/zoneMap/zoneMapSub.html?mapId=000000002_2_20180419163015&htmlrandom=1524126656291" "Mozilla/5.0 (Windows NT 6.1; WOW64; rv:49.0) Gecko/20100101 Firefox/49.0"
192.168.3.232 - - [19/Apr/2018:16:33:09 +0800] "GET /ZoneMapUpLoad/19/59220fee-d8f8-49dd-8042-de68a18211b4.png HTTP/1.1" 200 68244 "http://192.168.3.155:8080/IntegratedMM/UI/hostClient/userPopups/zoneMap/zoneMapSub.html?mapId=&htmlrandom=1524126773073" "Mozilla/5.0 (Windows NT 6.1; Win64; x64; rv:57.0) Gecko/20100101 Firefox/57.0"
192.168.3.232 - - [19/Apr/2018:16:33:14 +0800] "GET /ZoneMapUpLoad/19/59220fee-d8f8-49dd-8042-de68a18211b4.png HTTP/1.1" 304 0 "http://192.168.3.155:8080/IntegratedMM/UI/hostClient/userPopups/zoneMap/zoneMapSub.html?mapId=000000016_1_20180419163324&htmlrandom=1524126794461" "Mozilla/5.0 (Windows NT 6.1; Win64; x64; rv:57.0) Gecko/20100101 Firefox/57.0"
192.168.3.232 - - [19/Apr/2018:16:35:08 +0800] "GET /ZoneMapUpLoad/19/16b93574-0cd3-49b0-b18a-74e2f1eaa537.jpg HTTP/1.1" 200 51529 "http://192.168.3.155:8080/IntegratedMM/UI/hostClient/userPopups/zoneMap/zoneMapSub.html?mapId=&htmlrandom=1524126827088" "Mozilla/5.0 (Windows NT 6.1; Win64; x64; rv:57.0) Gecko/20100101 Firefox/57.0"
192.168.3.232 - - [19/Apr/2018:16:36:10 +0800] "GET /ZoneMapUpLoad/19/16b93574-0cd3-49b0-b18a-74e2f1eaa537.jpg HTTP/1.1" 304 0 "http://192.168.3.155:8080/IntegratedMM/UI/hostClient/userPopups/zoneMap/zoneMapSub.html?mapId=100001011_1_20180419163523&htmlrandom=1524126970202" "Mozilla/5.0 (Windows NT 6.1; Win64; x64; rv:57.0) Gecko/20100101 Firefox/57.0"
192.168.3.232 - - [19/Apr/2018:16:36:21 +0800] "GET /ZoneMapUpLoad/19/16b93574-0cd3-49b0-b18a-74e2f1eaa537.jpg HTTP/1.1" 304 0 "http://192.168.3.155:8080/IntegratedMM/UI/hostClient/userPopups/zoneMap/zoneMapSub.html?mapId=100001011_1_20180419163523&htmlrandom=1524126981051" "Mozilla/5.0 (Windows NT 6.1; Win64; x64; rv:57.0) Gecko/20100101 Firefox/57.0"
192.168.3.232 - - [19/Apr/2018:16:37:18 +0800] "GET /ZoneMapUpLoad/19/b1ed3d89-a45a-4fe0-8066-812eaa2e94aa.jpg HTTP/1.1" 200 72219 "http://192.168.3.155:8080/IntegratedMM/UI/hostClient/userPopups/zoneMap/zoneMapSub.html?mapId=&htmlrandom=1524126982964" "Mozilla/5.0 (Windows NT 6.1; Win64; x64; rv:57.0) Gecko/20100101 Firefox/57.0"
192.168.3.232 - - [19/Apr/2018:16:38:15 +0800] "GET /ZoneMapUpLoad/19/b1ed3d89-a45a-4fe0-8066-812eaa2e94aa.jpg HTTP/1.1" 304 0 "http://192.168.3.155:8080/IntegratedMM/UI/hostClient/userPopups/zoneMap/zoneMapSub.html?mapId=100001011_2_20180419163733&htmlrandom=1524127095458" "Mozilla/5.0 (Windows NT 6.1; Win64; x64; rv:57.0) Gecko/20100101 Firefox/57.0"
192.168.3.232 - - [19/Apr/2018:16:38:57 +0800] "GET /ZoneMapUpLoad/19/16b93574-0cd3-49b0-b18a-74e2f1eaa537.jpg HTTP/1.1" 304 0 "http://192.168.3.155:8080/IntegratedMM/UI/hostClient/userPopups/zoneMap/zoneMapSub.html?mapId=100001011_1_20180419163523&htmlrandom=1524127137024" "Mozilla/5.0 (Windows NT 6.1; Win64; x64; rv:57.0) Gecko/20100101 Firefox/57.0"
192.168.3.232 - - [19/Apr/2018:16:38:58 +0800] "GET /ZoneMapUpLoad/19/b1ed3d89-a45a-4fe0-8066-812eaa2e94aa.jpg HTTP/1.1" 304 0 "http://192.168.3.155:8080/IntegratedMM/UI/hostClient/userPopups/zoneMap/zoneMapSub.html?mapId=100001011_2_20180419163733&htmlrandom=1524127138353" "Mozilla/5.0 (Windows NT 6.1; Win64; x64; rv:57.0) Gecko/20100101 Firefox/57.0"
192.168.3.232 - - [19/Apr/2018:16:40:15 +0800] "GET /ZoneMapUpLoad/19/16b93574-0cd3-49b0-b18a-74e2f1eaa537.jpg HTTP/1.1" 304 0 "http://192.168.3.155:8080/IntegratedMM/UI/hostClient/userPopups/zoneMap/zoneMapSub.html?mapId=100001011_1_20180419163523&htmlrandom=1524127215214" "Mozilla/5.0 (Windows NT 6.1; Win64; x64; rv:57.0) Gecko/20100101 Firefox/57.0"
192.168.3.232 - - [19/Apr/2018:16:40:16 +0800] "GET /ZoneMapUpLoad/19/b1ed3d89-a45a-4fe0-8066-812eaa2e94aa.jpg HTTP/1.1" 304 0 "http://192.168.3.155:8080/IntegratedMM/UI/hostClient/userPopups/zoneMap/zoneMapSub.html?mapId=100001011_2_20180419163733&htmlrandom=1524127215986" "Mozilla/5.0 (Windows NT 6.1; Win64; x64; rv:57.0) Gecko/20100101 Firefox/57.0"
192.168.3.232 - - [19/Apr/2018:16:40:31 +0800] "GET /ZoneMapUpLoad/19/c9143918-c3fc-4aae-a322-92e016c0e66c.jpg HTTP/1.1" 200 51529 "http://192.168.3.155:8080/IntegratedMM/UI/hostClient/userPopups/zoneMap/zoneMapSub.html?mapId=100001005&htmlrandom=1524127221609" "Mozilla/5.0 (Windows NT 6.1; Win64; x64; rv:57.0) Gecko/20100101 Firefox/57.0"
192.168.3.155 - - [19/Apr/2018:16:40:32 +0800] "GET /ZoneMapUpLoad/19/c2ea4217-e2cc-444c-bba3-1c1d9f6ee198.png HTTP/1.1" 200 41946 "http://192.168.3.155:8080/IntegratedMM/UI/hostClient/userPopups/zoneMap/zoneMapSub.html?mapId=000000002_2_20180419163015&htmlrandom=1524127230490" "Mozilla/5.0 (Windows NT 6.1; WOW64; rv:49.0) Gecko/20100101 Firefox/49.0"
192.168.3.155 - - [19/Apr/2018:16:41:39 +0800] "GET /ZoneMapUpLoad/19/38fc7777-b8c7-46d8-97da-7c7298530aa8.png HTTP/1.1" 200 8070 "http://192.168.3.155:8080/IntegratedMM/UI/hostClient/userPopups/zoneMap/zoneMapSub.html?mapId=000000002_2_20180419163015&htmlrandom=1524127230490" "Mozilla/5.0 (Windows NT 6.1; WOW64; rv:49.0) Gecko/20100101 Firefox/49.0"
192.168.3.232 - - [19/Apr/2018:16:43:53 +0800] "GET /ZoneMapUpLoad/19/16b93574-0cd3-49b0-b18a-74e2f1eaa537.jpg HTTP/1.1" 304 0 "http://192.168.3.155:8080/IntegratedMM/UI/hostClient/userPopups/zoneMap/zoneMapSub.html?mapId=100001011_1_20180419163523&htmlrandom=1524127433386" "Mozilla/5.0 (Windows NT 6.1; Win64; x64; rv:57.0) Gecko/20100101 Firefox/57.0"
192.168.3.232 - - [19/Apr/2018:16:43:57 +0800] "GET /ZoneMapUpLoad/19/c9143918-c3fc-4aae-a322-92e016c0e66c.jpg HTTP/1.1" 304 0 "http://192.168.3.155:8080/IntegratedMM/UI/hostClient/userPopups/zoneMap/zoneMapSub.html?mapId=100001005_1_20180419164045&htmlrandom=1524127437390" "Mozilla/5.0 (Windows NT 6.1; Win64; x64; rv:57.0) Gecko/20100101 Firefox/57.0"
192.168.3.232 - - [19/Apr/2018:16:46:25 +0800] "GET /ZoneMapUpLoad/19/c9143918-c3fc-4aae-a322-92e016c0e66c.jpg HTTP/1.1" 304 0 "http://192.168.3.155:8080/IntegratedMM/UI/hostClient/userPopups/zoneMap/zoneMapSub.html?mapId=100001005_1_20180419164045&htmlrandom=1524127585135" "Mozilla/5.0 (Windows NT 6.1; Win64; x64; rv:57.0) Gecko/20100101 Firefox/57.0"
192.168.3.232 - - [19/Apr/2018:16:47:00 +0800] "GET /ZoneMapUpLoad/19/cae37cc6-96f4-454e-901b-2a20318d12f3.jpg HTTP/1.1" 200 51529 "http://192.168.3.155:8080/IntegratedMM/UI/hostClient/userPopups/zoneMap/zoneMapSub.html?mapId=100001007&htmlrandom=1524127601214" "Mozilla/5.0 (Windows NT 6.1; Win64; x64; rv:57.0) Gecko/20100101 Firefox/57.0"
192.168.3.232 - - [19/Apr/2018:16:47:27 +0800] "GET /ZoneMapUpLoad/19/cae37cc6-96f4-454e-901b-2a20318d12f3.jpg HTTP/1.1" 304 0 "http://192.168.3.155:8080/IntegratedMM/UI/hostClient/userPopups/zoneMap/zoneMapSub.html?mapId=100001007_1_20180419164715&htmlrandom=1524127647662" "Mozilla/5.0 (Windows NT 6.1; Win64; x64; rv:57.0) Gecko/20100101 Firefox/57.0"
192.168.3.232 - - [19/Apr/2018:16:49:09 +0800] "GET /ZoneMapUpLoad/19/c9143918-c3fc-4aae-a322-92e016c0e66c.jpg HTTP/1.1" 304 0 "http://192.168.3.155:8080/IntegratedMM/UI/hostClient/userPopups/zoneMap/zoneMapSub.html?mapId=100001005_1_20180419164045&htmlrandom=1524127749689" "Mozilla/5.0 (Windows NT 6.1; Win64; x64; rv:57.0) Gecko/20100101 Firefox/57.0"
192.168.3.232 - - [19/Apr/2018:16:49:14 +0800] "GET /ZoneMapUpLoad/19/0afcd6e6-6035-4d7f-a94f-4c8f049871e2.jpg HTTP/1.1" 200 72219 "http://192.168.3.155:8080/IntegratedMM/UI/hostClient/userPopups/zoneMap/zoneMapSub.html?mapId=&htmlrandom=1524127750937" "Mozilla/5.0 (Windows NT 6.1; Win64; x64; rv:57.0) Gecko/20100101 Firefox/57.0"
192.168.3.232 - - [19/Apr/2018:16:49:27 +0800] "GET /ZoneMapUpLoad/19/cae37cc6-96f4-454e-901b-2a20318d12f3.jpg HTTP/1.1" 304 0 "http://192.168.3.155:8080/IntegratedMM/UI/hostClient/userPopups/zoneMap/zoneMapSub.html?mapId=100001007_1_20180419164715&htmlrandom=1524127766895" "Mozilla/5.0 (Windows NT 6.1; Win64; x64; rv:57.0) Gecko/20100101 Firefox/57.0"
192.168.3.232 - - [19/Apr/2018:16:49:34 +0800] "GET /ZoneMapUpLoad/19/9d9b5b49-6056-4c5b-b703-ce3749af8c14.jpg HTTP/1.1" 200 72219 "http://192.168.3.155:8080/IntegratedMM/UI/hostClient/userPopups/zoneMap/zoneMapSub.html?mapId=&htmlrandom=1524127770171" "Mozilla/5.0 (Windows NT 6.1; Win64; x64; rv:57.0) Gecko/20100101 Firefox/57.0"
192.168.3.155 - - [19/Apr/2018:16:53:29 +0800] "GET /ZoneMapUpLoad/19/38fc7777-b8c7-46d8-97da-7c7298530aa8.png HTTP/1.1" 200 8070 "http://192.168.3.155:8080/IntegratedMM/UI/hostClient/userPopups/zoneMap/zoneMapSub.html?mapId=000000002_2_20180419164139&htmlrandom=1524128005811" "Mozilla/5.0 (Windows NT 6.1; WOW64; rv:49.0) Gecko/20100101 Firefox/49.0"
192.168.3.155 - - [19/Apr/2018:16:56:16 +0800] "GET /ZoneMapUpLoad/19/867d2f09-12d6-41b9-8c70-2e0e76579a8f.png HTTP/1.1" 200 8070 "http://192.168.3.155:8080/IntegratedMM/UI/hostClient/userPopups/zoneMap/zoneMapSub.html?mapId=&htmlrandom=1524128164676" "Mozilla/5.0 (Windows NT 6.1; WOW64; rv:49.0) Gecko/20100101 Firefox/49.0"
192.168.3.155 - - [19/Apr/2018:17:00:56 +0800] "GET /ZoneMapUpLoad/19/867d2f09-12d6-41b9-8c70-2e0e76579a8f.png HTTP/1.1" 304 0 "http://192.168.3.155:8080/IntegratedMM/UI/hostClient/userPopups/zoneMap/zoneMapSub.html?mapId=000000003_2_20180419165615&htmlrandom=1524128452662" "Mozilla/5.0 (Windows NT 6.1; WOW64; rv:49.0) Gecko/20100101 Firefox/49.0"
192.168.3.155 - - [19/Apr/2018:17:01:26 +0800] "GET /ZoneMapUpLoad/19/81cedc6f-a87b-4e80-b558-dcf2b775d132.png HTTP/1.1" 200 16077 "http://192.168.3.155:8080/IntegratedMM/UI/hostClient/userPopups/zoneMap/zoneMapSub.html?mapId=&htmlrandom=1524128460460" "Mozilla/5.0 (Windows NT 6.1; WOW64; rv:49.0) Gecko/20100101 Firefox/49.0"
192.168.3.155 - - [19/Apr/2018:17:07:16 +0800] "GET /ZoneMapUpLoad/19/a5e2c24b-916a-42bf-b5f6-8cedfcb26c88.png HTTP/1.1" 200 8070 "http://192.168.3.155:8080/IntegratedMM/UI/hostClient/userPopups/zoneMap/zoneMapSub.html?mapId=100000001&htmlrandom=1524128810801" "Mozilla/5.0 (Windows NT 6.1; WOW64; rv:49.0) Gecko/20100101 Firefox/49.0"
192.168.3.155 - - [19/Apr/2018:17:15:12 +0800] "GET /ZoneMapUpLoad/19/a5e2c24b-916a-42bf-b5f6-8cedfcb26c88.png HTTP/1.1" 404 169 "http://192.168.3.155:8080/IntegratedMM/UI/hostClient/userPopups/zoneMap/zoneMapSub.html?mapId=100000001_1_20180419170716&htmlrandom=1524129309321" "Mozilla/5.0 (Windows NT 6.1; WOW64; rv:49.0) Gecko/20100101 Firefox/49.0"
192.168.3.155 - - [19/Apr/2018:17:15:46 +0800] "GET /ZoneMapUpLoad/19/276494e2-8601-45d0-8b7c-fcb07153b1ed.png HTTP/1.1" 200 45084 "http://192.168.3.155:8080/IntegratedMM/UI/hostClient/userPopups/zoneMap/zoneMapSub.html?mapId=100000001_1_20180419170716&htmlrandom=1524129309321" "Mozilla/5.0 (Windows NT 6.1; WOW64; rv:49.0) Gecko/20100101 Firefox/49.0"
192.168.3.155 - - [19/Apr/2018:17:16:32 +0800] "GET /ZoneMapUpLoad/19/276494e2-8601-45d0-8b7c-fcb07153b1ed.png HTTP/1.1" 304 0 "http://192.168.3.155:8080/IntegratedMM/UI/hostClient/userPopups/zoneMap/zoneMapSub.html?mapId=100000001_1_20180419171545&htmlrandom=1524129389419" "Mozilla/5.0 (Windows NT 6.1; WOW64; rv:49.0) Gecko/20100101 Firefox/49.0"
192.168.3.155 - - [19/Apr/2018:17:17:40 +0800] "GET /ZoneMapUpLoad/19/276494e2-8601-45d0-8b7c-fcb07153b1ed.png HTTP/1.1" 404 169 "http://192.168.3.155:8080/IntegratedMM/UI/hostClient/userPopups/zoneMap/zoneMapSub.html?mapId=100000001_1_20180419171545&htmlrandom=1524129454689" "Mozilla/5.0 (Windows NT 6.1; WOW64; rv:49.0) Gecko/20100101 Firefox/49.0"
192.168.3.155 - - [19/Apr/2018:17:18:07 +0800] "GET /ZoneMapUpLoad/19/6bdb99f9-f512-450b-907d-52e84727131e.png HTTP/1.1" 200 41946 "http://192.168.3.155:8080/IntegratedMM/UI/hostClient/userPopups/zoneMap/zoneMapSub.html?mapId=100000001_1_20180419171545&htmlrandom=1524129454689" "Mozilla/5.0 (Windows NT 6.1; WOW64; rv:49.0) Gecko/20100101 Firefox/49.0"
192.168.3.232 - - [19/Apr/2018:17:19:08 +0800] "GET /ZoneMapUpLoad/19/2d0b7cf7-c5c0-481b-937f-ff25b630bd84.jpg HTTP/1.1" 200 72219 "http://192.168.3.155:8080/IntegratedMM/UI/hostClient/userPopups/zoneMap/zoneMapSub.html?mapId=100001003&htmlrandom=1524129532283" "Mozilla/5.0 (Windows NT 6.1; Win64; x64; rv:57.0) Gecko/20100101 Firefox/57.0"
192.168.3.155 - - [19/Apr/2018:17:21:23 +0800] "GET /ZoneMapUpLoad/19/609146d5-efbc-427c-85a1-ad2002750c36.png HTTP/1.1" 200 8070 "http://192.168.3.155:8080/IntegratedMM/UI/hostClient/userPopups/zoneMap/zoneMapSub.html?mapId=100000001_1_20180419171806&htmlrandom=1524129659247" "Mozilla/5.0 (Windows NT 6.1; WOW64; rv:49.0) Gecko/20100101 Firefox/49.0"
192.168.3.155 - - [19/Apr/2018:17:27:23 +0800] "GET /ZoneMapUpLoad/19/821e895c-095e-46e9-859c-9c0030813d42.png HTTP/1.1" 200 2661 "http://192.168.3.155:8080/IntegratedMM/UI/hostClient/userPopups/zoneMap/zoneMapSub.html?mapId=100000001_1_20180419172123&htmlrandom=1524130022327" "Mozilla/5.0 (Windows NT 6.1; WOW64; rv:49.0) Gecko/20100101 Firefox/49.0"
192.168.3.155 - - [19/Apr/2018:17:28:28 +0800] "GET /ZoneMapUpLoad/19/4ba277ca-be79-4e72-a1de-3ef03035315c.png HTTP/1.1" 200 8070 "http://192.168.3.155:8080/IntegratedMM/UI/hostClient/userPopups/zoneMap/zoneMapSub.html?mapId=100001010&htmlrandom=1524130081705" "Mozilla/5.0 (Windows NT 6.1; WOW64; rv:49.0) Gecko/20100101 Firefox/49.0"
192.168.3.155 - - [19/Apr/2018:17:29:27 +0800] "GET /ZoneMapUpLoad/19/a0b32516-5230-4264-b155-b86f5e6d1ccf.png HTTP/1.1" 200 2661 "http://192.168.3.155:8080/IntegratedMM/UI/hostClient/userPopups/zoneMap/zoneMapSub.html?mapId=100001010_1_20180419172827&htmlrandom=1524130151371" "Mozilla/5.0 (Windows NT 6.1; WOW64; rv:49.0) Gecko/20100101 Firefox/49.0"
192.168.3.155 - - [19/Apr/2018:17:36:55 +0800] "GET /ZoneMapUpLoad/19/a0b32516-5230-4264-b155-b86f5e6d1ccf.png HTTP/1.1" 304 0 "http://192.168.3.155:8080/IntegratedMM/UI/hostClient/userPopups/zoneMap/zoneMapSub.html?mapId=100001010_1_20180419172926&htmlrandom=1524130613858" "Mozilla/5.0 (Windows NT 6.1; WOW64; rv:49.0) Gecko/20100101 Firefox/49.0"
192.168.3.155 - - [19/Apr/2018:17:38:39 +0800] "GET /ZoneMapUpLoad/19/578dd9ab-e257-49bc-9c60-934035d095ac.png HTTP/1.1" 200 8070 "http://192.168.3.155:8080/IntegratedMM/UI/hostClient/userPopups/zoneMap/zoneMapSub.html?mapId=100001010_1_20180419172926&htmlrandom=1524130697632" "Mozilla/5.0 (Windows NT 6.1; WOW64; rv:49.0) Gecko/20100101 Firefox/49.0"
192.168.3.232 - - [19/Apr/2018:17:41:48 +0800] "GET /ZoneMapUpLoad/19/5168b50f-da85-4cd0-913b-04d5e42a2c13.jpg HTTP/1.1" 200 51529 "http://192.168.3.155:8080/IntegratedMM/UI/hostClient/userPopups/zoneMap/zoneMapSub.html?mapId=100001017&htmlrandom=1524130902576" "Mozilla/5.0 (Windows NT 6.1; Win64; x64; rv:57.0) Gecko/20100101 Firefox/57.0"
192.168.3.232 - - [19/Apr/2018:17:41:59 +0800] "GET /ZoneMapUpLoad/19/5168b50f-da85-4cd0-913b-04d5e42a2c13.jpg HTTP/1.1" 304 0 "http://192.168.3.155:8080/IntegratedMM/UI/hostClient/userPopups/zoneMap/zoneMapSub.html?mapId=100001017_1_20180419174203&htmlrandom=1524130919546" "Mozilla/5.0 (Windows NT 6.1; Win64; x64; rv:57.0) Gecko/20100101 Firefox/57.0"
192.168.3.232 - - [19/Apr/2018:17:42:06 +0800] "GET /ZoneMapUpLoad/19/5168b50f-da85-4cd0-913b-04d5e42a2c13.jpg HTTP/1.1" 304 0 "http://192.168.3.155:8080/IntegratedMM/UI/hostClient/userPopups/zoneMap/zoneMapSub.html?mapId=100001017_1_20180419174203&htmlrandom=1524130926005" "Mozilla/5.0 (Windows NT 6.1; Win64; x64; rv:57.0) Gecko/20100101 Firefox/57.0"
192.168.3.232 - - [19/Apr/2018:17:42:11 +0800] "GET /ZoneMapUpLoad/19/ace51a14-bcab-41e8-a643-950d3709b642.jpg HTTP/1.1" 200 72219 "http://192.168.3.155:8080/IntegratedMM/UI/hostClient/userPopups/zoneMap/zoneMapSub.html?mapId=&htmlrandom=1524130927778" "Mozilla/5.0 (Windows NT 6.1; Win64; x64; rv:57.0) Gecko/20100101 Firefox/57.0"
192.168.3.232 - - [19/Apr/2018:17:42:27 +0800] "GET /ZoneMapUpLoad/19/5168b50f-da85-4cd0-913b-04d5e42a2c13.jpg HTTP/1.1" 304 0 "http://192.168.3.155:8080/IntegratedMM/UI/hostClient/userPopups/zoneMap/zoneMapSub.html?mapId=100001017_1_20180419174203&htmlrandom=1524130947513" "Mozilla/5.0 (Windows NT 6.1; Win64; x64; rv:57.0) Gecko/20100101 Firefox/57.0"
192.168.3.232 - - [19/Apr/2018:17:42:28 +0800] "GET /ZoneMapUpLoad/19/ace51a14-bcab-41e8-a643-950d3709b642.jpg HTTP/1.1" 304 0 "http://192.168.3.155:8080/IntegratedMM/UI/hostClient/userPopups/zoneMap/zoneMapSub.html?mapId=100001017_2_20180419174225&htmlrandom=1524130948603" "Mozilla/5.0 (Windows NT 6.1; Win64; x64; rv:57.0) Gecko/20100101 Firefox/57.0"
192.168.3.232 - - [19/Apr/2018:17:43:59 +0800] "GET /ZoneMapUpLoad/19/5168b50f-da85-4cd0-913b-04d5e42a2c13.jpg HTTP/1.1" 304 0 "http://192.168.3.155:8080/IntegratedMM/UI/hostClient/userPopups/zoneMap/zoneMapSub.html?mapId=100001017_1_20180419174203&htmlrandom=1524131039467" "Mozilla/5.0 (Windows NT 6.1; Win64; x64; rv:57.0) Gecko/20100101 Firefox/57.0"
192.168.3.232 - - [19/Apr/2018:17:44:00 +0800] "GET /ZoneMapUpLoad/19/ace51a14-bcab-41e8-a643-950d3709b642.jpg HTTP/1.1" 304 0 "http://192.168.3.155:8080/IntegratedMM/UI/hostClient/userPopups/zoneMap/zoneMapSub.html?mapId=100001017_2_20180419174225&htmlrandom=1524131040557" "Mozilla/5.0 (Windows NT 6.1; Win64; x64; rv:57.0) Gecko/20100101 Firefox/57.0"
192.168.3.155 - - [19/Apr/2018:17:44:08 +0800] "GET /ZoneMapUpLoad/19/578dd9ab-e257-49bc-9c60-934035d095ac.png HTTP/1.1" 200 8070 "http://192.168.3.155:8080/IntegratedMM/UI/hostClient/userPopups/zoneMap/zoneMapSub.html?mapId=100001010_1_20180419173838&htmlrandom=1524131046899" "Mozilla/5.0 (Windows NT 6.1; WOW64; rv:49.0) Gecko/20100101 Firefox/49.0"
192.168.3.232 - - [19/Apr/2018:17:44:42 +0800] "GET /ZoneMapUpLoad/19/5168b50f-da85-4cd0-913b-04d5e42a2c13.jpg HTTP/1.1" 304 0 "http://192.168.3.155:8080/IntegratedMM/UI/hostClient/userPopups/zoneMap/zoneMapSub.html?mapId=100001017_1_20180419174203&htmlrandom=1524131082044" "Mozilla/5.0 (Windows NT 6.1; Win64; x64; rv:57.0) Gecko/20100101 Firefox/57.0"
192.168.3.232 - - [19/Apr/2018:17:44:43 +0800] "GET /ZoneMapUpLoad/19/ace51a14-bcab-41e8-a643-950d3709b642.jpg HTTP/1.1" 304 0 "http://192.168.3.155:8080/IntegratedMM/UI/hostClient/userPopups/zoneMap/zoneMapSub.html?mapId=100001017_2_20180419174225&htmlrandom=1524131083072" "Mozilla/5.0 (Windows NT 6.1; Win64; x64; rv:57.0) Gecko/20100101 Firefox/57.0"
192.168.3.232 - - [19/Apr/2018:17:44:50 +0800] "GET /ZoneMapUpLoad/19/c5f994b9-6c9f-4cba-84ff-586c7457ea15.jpg HTTP/1.1" 200 51529 "http://192.168.3.155:8080/IntegratedMM/UI/hostClient/userPopups/zoneMap/zoneMapSub.html?mapId=100001017_2_20180419174225&htmlrandom=1524131083072" "Mozilla/5.0 (Windows NT 6.1; Win64; x64; rv:57.0) Gecko/20100101 Firefox/57.0"
